// Jest Snapshot v1, https://goo.gl/fbAQLP

exports[
  `<ArticleHeader /> should render heading, excerpt, cover img and meta 1`
] = `
.c5 {
  font-size: 1.6rem;
  color: #AAAAAA;
  font-style: italic;
}

.c5 .categories span::after {
  content: ', ';
}

.c5 .categories span:last-child::after {
  content: '';
}

.c5 a {
  color: #dc143c;
  -webkit-text-decoration: none;
  text-decoration: none;
  -webkit-transition: all 300ms ease-in-out;
  transition: all 300ms ease-in-out;
}

.c5 a:hover {
  -webkit-filter: brightness(50%);
  filter: brightness(50%);
}

.c2 {
  color: #000000;
  font-size: 4.0rem;
  text-transform: none;
}

.c0 {
  padding-bottom: 4.0rem;
  margin-bottom: 4.0rem;
  border-bottom: 0.1rem solid #DDDDDD;
}

.c0 .c1 {
  margin: 0;
  margin-bottom: 2.4rem;
}

.c3 {
  margin: 2.4rem 0;
}

.c4 {
  max-width: 100%;
  display: block;
  margin-bottom: 2.4rem;
}

<div>
  <header
    class="c0"
  >
    <h1
      class="c1 c2"
    >
      React Hooks useState
    </h1>
    <p
      class="c3"
    >
      Hooks são uma nova adição ao React 16.8. Eles permitem que você use o state e outros recursos do React sem escrever uma classe.
    </p>
    <img
      alt="React Hooks useState"
      class="c4"
      src="https://res.cloudinary.com/dg4rnkej8/image/upload/v1616526348/1_v_HH_Bwc_UF_Ua_HW_Xnt_Snq_Kd_CA_c923d6cb48.png"
    />
    <div
      class="c5"
    >
      <p>
        <span>
          Por 
        </span>
        <a
          href="/author/victor"
        >
          Victor
        </a>
        <span
          class="separator"
        >
           | 
        </span>
        <time
          datetime="2020-04-20"
        >
          19 de abr. de 2020
        </time>
        <span
          class="separator"
        >
           | 
        </span>
        <span
          class="categories"
        >
          <span>
            <a
              href="/category/react"
            >
              React
            </a>
          </span>
        </span>
      </p>
    </div>
  </header>
</div>
`;
